<k>
  a lambda _id0 . y _id0
</k>
<nextId>
  1
</nextId>
