Search results:

Solution 1:
V:K -->
#symType(1) -> (#symType(6) -> (#symType(8) -> (#symType(13) -> (#symType(15) 
  -> (#symType(23) -> (#symType(25) -> (#symType(30) -> (#symType(32) -> (
  #symType(43) -> (#symType(45) -> (#symType(50) -> (#symType(52) -> (#symType
  (60) -> (#symType(62) -> (#symType(67) -> (#symType(69) -> #symType(1)))))))
  ))))))))))
