Search results:

Solution 1:
V:K -->
#symType(6) -> #symType(6)
