Search results:

Solution 1:
V:K -->
#symType(1) -> (#symType(2) -> (#symType(8) -> #symType(8)))
