Search results:

Solution 1:
V:K -->
#symType(4) -> #symType(4)
