Search results:

Solution 1:
V:K -->
int -> (#symType(2) -> int)
