Search results:

Solution 1:
V:K -->
fun (Triple ( x, y, z ) -> y)
