\Q"V" |-> cons ( a (  ), cons ( b (  ), nil (  ) ) )\E
