Search results:

Solution 1:
V:K -->
#symType(14) -> (#symType(15) -> (#symType(16) -> #symType(16)))
