<k>
    4
</k>
<store>
    lx |-> 1
    ly |-> 3
    lz |-> 3
    lp |-> lx
    lq |-> 0
</store>
<env>
    x |-> lx
    y |-> ly
    z |-> lz
    p |-> lp
    q |-> lq
</env>
