<k>
    lval ( lq )
</k>
<store>
    lx |-> 10
    ly |-> 20
    lz |-> 30
    lp |-> lx
    lq |-> lx
</store>
<env>
    x |-> lx
    y |-> ly
    z |-> lz
    p |-> lp
    q |-> lq
</env>
