<k>
    lval ( lx )
</k>
<store>
    lx |-> 20
    ly |-> 20
    lz |-> 30
    lp |-> lx
    lq |-> 0
</store>
<env>
    x |-> lx
    y |-> ly
    z |-> lz
    p |-> lp
    q |-> lq
</env>
