<k>
    lval ( ly )
</k>
<store>
    lx |-> 10
    ly |-> 10
    lz |-> 30
    lp |-> lx
    lq |-> ly
</store>
<env>
    x |-> lx
    y |-> ly
    z |-> lz
    p |-> lp
    q |-> lq
</env>
