<k>
    35
</k>
<store>
    lx |-> 34
    ly |-> 21
    lz |-> 30
    lp |-> lx
    lq |-> ly
</store>
<env>
    x |-> lx
    y |-> ly
    z |-> lz
    p |-> lp
    q |-> lq
</env>
