Search results:

Solution 1:
V:K -->
(#symType(3) -> #symType(4)) -> ((#symType(4) -> #symType(5)) -> (#symType(3) 
  -> #symType(5)))
