Search results:

Solution 1:
V:K -->
bool -> (#symType(3) -> (#symType(3) -> #symType(3)))
