Search results:

Solution 1:
V:K -->
(#symType(1) -> #symType(2)) = ((#symType(3) -> #symType(3)) -> #symType(4))
   ~> #symType(4)
