Search results:

Solution 1:
V:K -->
int -> (#symType(3) -> int)
