Search results:

Solution 1:
Solution:K -->
V:Term |-> cons ( a, cons (  b, nil  ) )
