Search results:

Solution 1:
Solution:K -->
Y:Term |-> Y:Term
Z:Term |-> cons ( a, Y )
