Search results:

Solution 1:
Solution:K -->
X:Term |-> david

Solution 2:
Solution:K -->
X:Term |-> jim

Solution 3:
Solution:K -->
X:Term |-> steve
