Search results:

Solution 1:
Solution:K -->
L:Term |-> cons ( _123:Term, cons ( _123, nil ) )

Solution 2:
Solution:K -->
L:Term |-> cons ( _123:Term, cons ( _157:Term, cons ( _123, nil ) ) )

Solution 3:
Solution:K -->
L:Term |-> cons ( _123:Term, cons ( _157:Term, cons ( _157, cons ( _123, nil )
   ) ) )

Solution 4:
Solution:K -->
L:Term |-> cons ( _123:Term, nil )

Solution 5:
Solution:K -->
L:Term |-> nil
