Search results:

Solution 1:
Solution:K -->
L:Term |-> cons ( a, cons (  b, nil  ) )

Solution 2:
Solution:K -->
L:Term |-> cons ( b, cons (  a, nil  ) )
