<T>\s*<k>\s*\(3 / 0\) ~> y = HOLE ;\s*</k>\s*<store>\s*(.*) \|-> 3\s+((?!\1).*) \|-> 0\s*</store>\s*<env>\s*x \|-> \1\s+y \|-> \2\s*</env>\s*</T>
<T>\s*<k>\s*.K\s*</k>\s*<store>\s*(.*?) \|-> 3\s+((?!\1).*) \|-> 0\s*</store>\s*<env>\s*x \|-> \1\s+y \|-> \2\s*</env>\s*</T>
<T>\s*<k>\s*.K\s*</k>\s*<store>\s*(.*?) \|-> 3\s+((?!\1).*) \|-> 1\s*</store>\s*<env>\s*x \|-> \1\s+y \|-> \2\s*</env>\s*</T>
<T>\s*<k>\s*.K\s*</k>\s*<store>\s*(.*?) \|-> 3\s+((?!\1).*) \|-> 2\s*</store>\s*<env>\s*x \|-> \1\s+y \|-> \2\s*</env>\s*</T>
<T>\s*<k>\s*.K\s*</k>\s*<store>\s*(.*?) \|-> 3\s+((?!\1).*) \|-> 3\s*</store>\s*<env>\s*x \|-> \1\s+y \|-> \2\s*</env>\s*</T>
