Search results:

Solution 1:
V:K -->
#symType(1) = (int -> #symType(4)) ~> #symType(4) ~> if #symType(2) then 
  #symType(3) else HOLE ~> ( #symType(1)->HOLE ) ~> tenv ( .Map ) ~> HOLE (
  lambda x . x)
