Search results:

Solution 1:
V:K -->
bool -> (#symType(6) -> (#symType(6) -> #symType(6)))
