Search results:

Solution 1:
V:K -->
int -> (#symType(7) -> int)
