Search results:

Solution 1:
V:K -->
closure ( .Map , Triple ( x, y, z ) -> y )
