<T>
    <k>
        ++ x ~> HOLE / ((++ x) / x) ~> y = HOLE ;
    </k>
    <store>
        #symNat(1) |-> 1
        #symNat(2) |-> 0
    </store>
    <env>
        x |-> #symNat(1)
        y |-> #symNat(2)
    </env>
</T>
