<T>
    <k>
        "Input two numbers: " ~> HOLE ~> print ( HOLE ) ; ~> int x, y ;
           ~> x = (read ( )) ; ~> y = (read ( )) ; ~> print ( "Their sum is: "
          , (x + y), "\n" ) ;
    </k>
    <store>
        .Map
    </store>
    <env>
        .Map
    </env>
</T>
