<T>
    <k>
        "x = " ~> HOLE ~> print ( HOLE ) ; ~> x = (read ( )) ; ~> spawn x 
          = (x / 2) ; ~> spawn x = (x + 10) ; ~> print ( x, "\n" ) ;
    </k>
    <store>
        #symNat(1) |-> 0
    </store>
    <env>
        x |-> #symNat(1)
    </env>
</T>
